quizanalytics/.git/*
quizanalytics/.github/*
quizanalytics/composer.lock
quizanalytics/composer.json
quizanalytics/log.txt
quizanalytics/phpcs.xml
quizanalytics/.gitignore
quizanalytics/package.json
quizanalytics/package-lock.json
quizanalytics/vendor/bin/*
quizanalytics/vendor/squizlabs/*
quizanalytics/vendor/phpcompatibility/*
quizanalytics/vendor/dealerdirect/*
quizanalytics/vendor/moodlehq/*
quizanalytics/vendor/composer/*
quizanalytics/vendor/autoload.php
quizanalytics/node_modules/*
quizanalytics/phpunit.xml
quizanalytics/tests/*
quizanalytics/release/*
quizanalytics/exclude.lst
quizanalytics/Gruntfile.js
quizanalytics/VERIFICATION.md
quizanalytics/scripts/*
